---
source: src/python_version.rs
expression: "Version::parse(input)"
---
Ok(
    Version {
        epoch: 0,
        chunks: [
            1,
        ],
        pre: None,
        post: None,
        dev: None,
        local: Some(
            "abc.7",
        ),
    },
)
