---
source: src/python_version.rs
expression: "Version::parse(input)"
---
Ok(
    Version {
        epoch: 0,
        chunks: [
            1,
            0,
            15,
        ],
        pre: None,
        post: None,
        dev: None,
        local: None,
    },
)
