---
source: src/python_version.rs
expression: "Version::parse(input)"
---
Ok(
    Version {
        epoch: 0,
        chunks: [
            1,
            1,
        ],
        pre: Some(
            RC(
                1,
            ),
        ),
        post: None,
        dev: None,
        local: None,
    },
)
